Initializing AMReX (26.10-27-gcf3d426f36a3)...
MPI initialized with 1 MPI processes
MPI initialized with thread support level 0
Initializing HIP...
HIP initialized with 1 device.
AMReX (26.10-27-gcf3d426f36a3) initialized

Multigrid type: geometric
MLMG: # of AMR levels: 2
      # of MG levels on the coarsest AMR level: 8
MLMG: Initial rhs               = 166.3733505
MLMG: Initial residual (resid0) = 166.3733505
MLMG: Iteration   1 Fine resid/bnorm = 2.413265749
MLMG: Iteration   2 Fine resid/bnorm = 0.2487180006
MLMG: Iteration   3 Fine resid/bnorm = 0.05302068639
MLMG: Iteration   4 Fine resid/bnorm = 0.005295727316
MLMG: Iteration   5 Fine resid/bnorm = 0.001860446273
MLMG: Iteration   6 Fine resid/bnorm = 0.0003272688726
MLMG: Iteration   7 Fine resid/bnorm = 0.0001221524981
MLMG: Iteration   8 Fine resid/bnorm = 3.312541543e-05
MLMG: Iteration   9 Fine resid/bnorm = 1.349695046e-05
MLMG: Iteration  10 Fine resid/bnorm = 4.557931419e-06
MLMG: Iteration  11 Fine resid/bnorm = 1.688527639e-06
MLMG: Iteration  12 Fine resid/bnorm = 6.008101472e-07
MLMG: Iteration  13 Fine resid/bnorm = 2.180643949e-07
MLMG: Iteration  14 Fine resid/bnorm = 7.847662091e-08
MLMG: Iteration  15 Fine resid/bnorm = 2.835329508e-08
MLMG: Iteration  16 Fine resid/bnorm = 1.022525332e-08
MLMG: Iteration  17 Fine resid/bnorm = 3.689620586e-09
MLMG: Iteration  18 Fine resid/bnorm = 1.330544748e-09
MLMG: Iteration  19 Fine resid/bnorm = 4.813889241e-10
MLMG: Iteration  20 Fine resid/bnorm = 1.737270831e-10
MLMG: Iteration  21 Fine resid/bnorm = 6.242955502e-11
MLMG: Iteration  21 Crse resid/bnorm = 5.239031228e-09
MLMG: Iteration  22 Fine resid/bnorm = 2.433614314e-11
MLMG: Iteration  22 Crse resid/bnorm = 1.885177704e-09
MLMG: Iteration  23 Fine resid/bnorm = 9.075647884e-12
MLMG: Iteration  23 Crse resid/bnorm = 6.783832347e-10
MLMG: Iteration  24 Fine resid/bnorm = 4.009572087e-12
MLMG: Iteration  24 Crse resid/bnorm = 2.441241326e-10
MLMG: Iteration  25 Fine resid/bnorm = 2.610979497e-12
MLMG: Iteration  25 Crse resid/bnorm = 8.785367746e-11
MLMG: Final Iter. 25 resid, resid/bnorm = 1.461651067e-08, 8.785367746e-11
MLMG: Timers: Solve = 1.029585131 Iter = 1.015396162 Bottom = 0.00827731
Level 0 max-norm error: 7.844139631e-05 1-norm error: 2.081612737e-05 2-norm error: 2.856494681e-05
Level 1 max-norm error: 2.5861523e-05 1-norm error: 7.741927748e-07 2-norm error: 3.141611595e-06
Total GPU global memory (MB) spread across MPI: [65520 ... 65520]
Free  GPU global memory (MB) spread across MPI: [16102 ... 16102]
[The         Arena] max space (MB) allocated spread across MPI: [49140 ... 49140]
[The         Arena] max space (MB) used      spread across MPI: [2900 ... 2900]
[The Managed Arena] max space (MB) allocated spread across MPI: [8 ... 8]
[The Managed Arena] max space (MB) used      spread across MPI: [0 ... 0]
[The  Pinned Arena] max space (MB) allocated spread across MPI: [8 ... 8]
[The  Pinned Arena] max space (MB) used      spread across MPI: [1 ... 1]
[The   Comms Arena] max space (MB) allocated spread across MPI: [8 ... 8]
[The   Comms Arena] max space (MB) used      spread across MPI: [0 ... 0]
AMReX (26.10-27-gcf3d426f36a3) finalized
