Initializing AMReX (26.10-27-gcf3d426f36a3)...
MPI initialized with 1 MPI processes
MPI initialized with thread support level 0
Initializing HIP...
HIP initialized with 1 device.
AMReX (26.10-27-gcf3d426f36a3) initialized

Multigrid type: geometric
MLMG: # of AMR levels: 1
      # of MG levels on the coarsest AMR level: 8
MLMG: Initial rhs               = 2367.365883
MLMG: Initial residual (resid0) = 3278373.796
MLMG: Iteration   1 Fine resid/resid0 = 0.05653914291
MLMG: Iteration   2 Fine resid/resid0 = 0.002691109945
MLMG: Iteration   3 Fine resid/resid0 = 0.0002093589093
MLMG: Iteration   4 Fine resid/resid0 = 1.692413043e-05
MLMG: Iteration   5 Fine resid/resid0 = 1.397721699e-06
MLMG: Iteration   6 Fine resid/resid0 = 1.167262815e-07
MLMG: Iteration   7 Fine resid/resid0 = 1.000263265e-08
MLMG: Iteration   8 Fine resid/resid0 = 8.846932509e-10
MLMG: Iteration   9 Fine resid/resid0 = 7.854536287e-11
MLMG: Final Iter. 9 resid, resid/resid0 = 0.0002575010594, 7.854536287e-11
MLMG: Timers: Solve = 0.237616562 Iter = 0.231942845 Bottom = 0.014607153
Level 0 max-norm error: 0.0001503904315 1-norm error: 2.495360843e-05 2-norm error: 3.202837481e-05
Total GPU global memory (MB) spread across MPI: [65520 ... 65520]
Free  GPU global memory (MB) spread across MPI: [16102 ... 16102]
[The         Arena] max space (MB) allocated spread across MPI: [49140 ... 49140]
[The         Arena] max space (MB) used      spread across MPI: [2037 ... 2037]
[The Managed Arena] max space (MB) allocated spread across MPI: [8 ... 8]
[The Managed Arena] max space (MB) used      spread across MPI: [0 ... 0]
[The  Pinned Arena] max space (MB) allocated spread across MPI: [8 ... 8]
[The  Pinned Arena] max space (MB) used      spread across MPI: [0 ... 0]
[The   Comms Arena] max space (MB) allocated spread across MPI: [8 ... 8]
[The   Comms Arena] max space (MB) used      spread across MPI: [0 ... 0]
AMReX (26.10-27-gcf3d426f36a3) finalized
