Initializing AMReX (26.10-27-gcf3d426f36a3)...
MPI initialized with 1 MPI processes
MPI initialized with thread support level 0
Initializing HIP...
HIP initialized with 1 device.
AMReX (26.10-27-gcf3d426f36a3) initialized

Multigrid type: geometric
MLMG: # of AMR levels: 2
      # of MG levels on the coarsest AMR level: 8
MLMG: Initial rhs               = 166.3733505
MLMG: Initial residual (resid0) = 166.3733505
MLMG: Iteration   1 Fine resid/bnorm = 0.8041859423
MLMG: Iteration   2 Fine resid/bnorm = 0.02441608838
MLMG: Iteration   3 Fine resid/bnorm = 0.0009084100152
MLMG: Iteration   4 Fine resid/bnorm = 3.705410454e-05
MLMG: Iteration   5 Fine resid/bnorm = 1.73672295e-06
MLMG: Iteration   6 Fine resid/bnorm = 9.656130506e-08
MLMG: Iteration   7 Fine resid/bnorm = 6.194045248e-09
MLMG: Iteration   8 Fine resid/bnorm = 4.291863319e-10
MLMG: Iteration   9 Fine resid/bnorm = 3.245624838e-11
MLMG: Iteration   9 Crse resid/bnorm = 5.289304123e-09
MLMG: Iteration  10 Fine resid/bnorm = 3.929452394e-12
MLMG: Iteration  10 Crse resid/bnorm = 4.801266279e-10
MLMG: Iteration  11 Fine resid/bnorm = 2.264619845e-12
MLMG: Iteration  11 Crse resid/bnorm = 4.363926092e-11
MLMG: Final Iter. 11 resid, resid/bnorm = 7.260410051e-09, 4.363926092e-11
MLMG: Timers: Solve = 0.3955958 Iter = 0.381428451 Bottom = 0.006966093
Level 0 max-norm error: 7.844139628e-05 1-norm error: 2.081612735e-05 2-norm error: 2.856494678e-05
Level 1 max-norm error: 2.586152298e-05 1-norm error: 7.741927739e-07 2-norm error: 3.141611592e-06
Total GPU global memory (MB) spread across MPI: [65520 ... 65520]
Free  GPU global memory (MB) spread across MPI: [16102 ... 16102]
[The         Arena] max space (MB) allocated spread across MPI: [49140 ... 49140]
[The         Arena] max space (MB) used      spread across MPI: [2900 ... 2900]
[The Managed Arena] max space (MB) allocated spread across MPI: [8 ... 8]
[The Managed Arena] max space (MB) used      spread across MPI: [0 ... 0]
[The  Pinned Arena] max space (MB) allocated spread across MPI: [8 ... 8]
[The  Pinned Arena] max space (MB) used      spread across MPI: [1 ... 1]
[The   Comms Arena] max space (MB) allocated spread across MPI: [8 ... 8]
[The   Comms Arena] max space (MB) used      spread across MPI: [0 ... 0]
AMReX (26.10-27-gcf3d426f36a3) finalized
