Initializing AMReX (26.10-27-gcf3d426f36a3)...
MPI initialized with 1 MPI processes
MPI initialized with thread support level 0
Initializing HIP...
HIP initialized with 1 device.
AMReX (26.10-27-gcf3d426f36a3) initialized

Multigrid type: geometric
MLMG: # of AMR levels: 1
      # of MG levels on the coarsest AMR level: 8
MLMG: Initial rhs               = 166.3733505
MLMG: Initial residual (resid0) = 166.3733505
MLMG: Iteration   1 Fine resid/bnorm = 2.899341551
MLMG: Iteration   2 Fine resid/bnorm = 0.1181615945
MLMG: Iteration   3 Fine resid/bnorm = 0.01010742443
MLMG: Iteration   4 Fine resid/bnorm = 0.0008841558497
MLMG: Iteration   5 Fine resid/bnorm = 7.926530641e-05
MLMG: Iteration   6 Fine resid/bnorm = 7.143154565e-06
MLMG: Iteration   7 Fine resid/bnorm = 6.455019206e-07
MLMG: Iteration   8 Fine resid/bnorm = 5.843476852e-08
MLMG: Iteration   9 Fine resid/bnorm = 5.297476957e-09
MLMG: Iteration  10 Fine resid/bnorm = 4.808734953e-10
MLMG: Iteration  11 Fine resid/bnorm = 4.371033191e-11
MLMG: Final Iter. 11 resid, resid/bnorm = 7.27223437e-09, 4.371033191e-11
MLMG: Timers: Solve = 0.190086933 Iter = 0.186292313 Bottom = 0.006979612
Level 0 max-norm error: 7.052455621e-05 1-norm error: 1.864748733e-05 2-norm error: 2.510159212e-05
Total GPU global memory (MB) spread across MPI: [65520 ... 65520]
Free  GPU global memory (MB) spread across MPI: [16102 ... 16102]
[The         Arena] max space (MB) allocated spread across MPI: [49140 ... 49140]
[The         Arena] max space (MB) used      spread across MPI: [1186 ... 1186]
[The Managed Arena] max space (MB) allocated spread across MPI: [8 ... 8]
[The Managed Arena] max space (MB) used      spread across MPI: [0 ... 0]
[The  Pinned Arena] max space (MB) allocated spread across MPI: [8 ... 8]
[The  Pinned Arena] max space (MB) used      spread across MPI: [0 ... 0]
[The   Comms Arena] max space (MB) allocated spread across MPI: [8 ... 8]
[The   Comms Arena] max space (MB) used      spread across MPI: [0 ... 0]
AMReX (26.10-27-gcf3d426f36a3) finalized
