Initializing AMReX (26.10-27-gcf3d426f36a3)...
MPI initialized with 1 MPI processes
MPI initialized with thread support level 0
Initializing HIP...
HIP initialized with 1 device.
AMReX (26.10-27-gcf3d426f36a3) initialized

Multigrid type: geometric
MLMG: # of AMR levels: 2
      # of MG levels on the coarsest AMR level: 11
MLMG: Initial rhs               = 1579.066194
MLMG: Initial residual (resid0) = 209708150.6
MLMG: Iteration   1 Fine resid/resid0 = 2.833463449e-07
MLMG: Iteration   2 Fine resid/resid0 = 1.764419714e-08
MLMG: Iteration   3 Fine resid/resid0 = 2.408178114e-09
MLMG: Iteration   4 Fine resid/resid0 = 2.864287921e-10
MLMG: Iteration   5 Fine resid/resid0 = 2.993216009e-11
MLMG: Iteration   5 Crse resid/resid0 = 1.592693447e-06
MLMG: Iteration   6 Fine resid/resid0 = 3.03898989e-12
MLMG: Iteration   6 Crse resid/resid0 = 1.607753838e-07
MLMG: Iteration   7 Fine resid/resid0 = 3.175999029e-13
MLMG: Iteration   7 Crse resid/resid0 = 1.639894058e-08
MLMG: Iteration   8 Fine resid/resid0 = 3.423507161e-14
MLMG: Iteration   8 Crse resid/resid0 = 1.683954124e-09
MLMG: Iteration   9 Fine resid/resid0 = 3.73924974e-15
MLMG: Iteration   9 Crse resid/resid0 = 1.739728698e-10
MLMG: Iteration  10 Fine resid/resid0 = 4.471289267e-16
MLMG: Iteration  10 Crse resid/resid0 = 1.805815759e-11
MLMG: Final Iter. 10 resid, resid/resid0 = 0.003786942831, 1.805815759e-11
MLMG: Timers: Solve = 0.179813275 Iter = 0.170740692 Bottom = 0.010402987
Level 0 max-norm error: 2.958184233e-06 1-norm error: 1.224157359e-06 2-norm error: 1.441427647e-06
Level 1 max-norm error: 1.993829236e-06 1-norm error: 2.783932633e-07 2-norm error: 6.122649379e-07
Total GPU global memory (MB) spread across MPI: [65520 ... 65520]
Free  GPU global memory (MB) spread across MPI: [16106 ... 16106]
[The         Arena] max space (MB) allocated spread across MPI: [49140 ... 49140]
[The         Arena] max space (MB) used      spread across MPI: [1030 ... 1030]
[The Managed Arena] max space (MB) allocated spread across MPI: [8 ... 8]
[The Managed Arena] max space (MB) used      spread across MPI: [0 ... 0]
[The  Pinned Arena] max space (MB) allocated spread across MPI: [8 ... 8]
[The  Pinned Arena] max space (MB) used      spread across MPI: [1 ... 1]
[The   Comms Arena] max space (MB) allocated spread across MPI: [8 ... 8]
[The   Comms Arena] max space (MB) used      spread across MPI: [0 ... 0]
AMReX (26.10-27-gcf3d426f36a3) finalized
