Initializing AMReX (26.10-27-gcf3d426f36a3)...
MPI initialized with 1 MPI processes
MPI initialized with thread support level 0
Initializing HIP...
HIP initialized with 1 device.
AMReX (26.10-27-gcf3d426f36a3) initialized
MLMG: # of AMR levels: 2
      # of MG levels on the coarsest AMR level: 8
MLMG: Initial rhs               = 236.6921747
MLMG: Initial residual (resid0) = 170567.8198
MLMG: Iteration   1 Fine resid/resid0 = 8.111028026e-05
MLMG: Iteration   2 Fine resid/resid0 = 1.990695875e-06
MLMG: Iteration   3 Fine resid/resid0 = 1.176773277e-07
MLMG: Iteration   4 Fine resid/resid0 = 1.470372075e-08
MLMG: Iteration   5 Fine resid/resid0 = 1.903314613e-09
MLMG: Iteration   6 Fine resid/resid0 = 2.617788326e-10
MLMG: Iteration   7 Fine resid/resid0 = 3.624957019e-11
MLMG: Iteration   8 Fine resid/resid0 = 5.0237604e-12
MLMG: Iteration   8 Crse resid/resid0 = 4.005650995e-11
MLMG: Iteration   9 Fine resid/resid0 = 6.956950903e-13
MLMG: Iteration   9 Crse resid/resid0 = 5.503232118e-12
MLMG: Final Iter. 9 resid, resid/resid0 = 9.386743045e-07, 5.503232118e-12
MLMG: Timers: Solve = 1.357519144 Iter = 1.13240347 Bottom = 0.003237928
Level 0
    max-norm: 0.0002525037846
    1-norm  : 4.672388575e-05
Level 1
    max-norm: 0.0002525037846
    1-norm  : 4.000180716e-06
Total GPU global memory (MB) spread across MPI: [65520 ... 65520]
Free  GPU global memory (MB) spread across MPI: [16114 ... 16114]
[The         Arena] max space (MB) allocated spread across MPI: [49140 ... 49140]
[The         Arena] max space (MB) used      spread across MPI: [9132 ... 9132]
[The Managed Arena] max space (MB) allocated spread across MPI: [8 ... 8]
[The Managed Arena] max space (MB) used      spread across MPI: [0 ... 0]
[The  Pinned Arena] max space (MB) allocated spread across MPI: [8 ... 8]
[The  Pinned Arena] max space (MB) used      spread across MPI: [3 ... 3]
[The   Comms Arena] max space (MB) allocated spread across MPI: [8 ... 8]
[The   Comms Arena] max space (MB) used      spread across MPI: [0 ... 0]
AMReX (26.10-27-gcf3d426f36a3) finalized
