Initializing AMReX (26.10-27-gcf3d426f36a3)...
MPI initialized with 1 MPI processes
MPI initialized with thread support level 0
Initializing HIP...
HIP initialized with 1 device.
AMReX (26.10-27-gcf3d426f36a3) initialized
MLMG: # of AMR levels: 1
      # of MG levels on the coarsest AMR level: 8
MLMG: Initial rhs               = 236.6921747
MLMG: Initial residual (resid0) = 170567.8198
MLMG: Iteration   1 Fine resid/resid0 = 0.003944303993
MLMG: Iteration   2 Fine resid/resid0 = 4.23817548e-05
MLMG: Iteration   3 Fine resid/resid0 = 4.723748752e-07
MLMG: Iteration   4 Fine resid/resid0 = 5.453889521e-09
MLMG: Iteration   5 Fine resid/resid0 = 7.494770502e-11
MLMG: Iteration   6 Fine resid/resid0 = 1.066820008e-12
MLMG: Final Iter. 6 resid, resid/resid0 = 1.819651629e-07, 1.066820008e-12
MLMG: Timers: Solve = 0.161925064 Iter = 0.155507196 Bottom = 0.002177525
Level 0
    max-norm: 0.0003259556167
    1-norm  : 5.712915602e-05
Total GPU global memory (MB) spread across MPI: [65520 ... 65520]
Free  GPU global memory (MB) spread across MPI: [16106 ... 16106]
[The         Arena] max space (MB) allocated spread across MPI: [49140 ... 49140]
[The         Arena] max space (MB) used      spread across MPI: [1718 ... 1718]
[The Managed Arena] max space (MB) allocated spread across MPI: [8 ... 8]
[The Managed Arena] max space (MB) used      spread across MPI: [0 ... 0]
[The  Pinned Arena] max space (MB) allocated spread across MPI: [8 ... 8]
[The  Pinned Arena] max space (MB) used      spread across MPI: [0 ... 0]
[The   Comms Arena] max space (MB) allocated spread across MPI: [8 ... 8]
[The   Comms Arena] max space (MB) used      spread across MPI: [0 ... 0]
AMReX (26.10-27-gcf3d426f36a3) finalized
