Initializing AMReX (26.10-27-gcf3d426f36a3)...
MPI initialized with 1 MPI processes
MPI initialized with thread support level 0
Initializing CUDA...
CUDA initialized with 1 device.
AMReX (26.10-27-gcf3d426f36a3) initialized

Multigrid type: geometric
MLMG: # of AMR levels: 1
      # of MG levels on the coarsest AMR level: 8
MLMG: Initial rhs               = 166.3733505
MLMG: Initial residual (resid0) = 166.3733505
MLMG: Iteration   1 Fine resid/bnorm = 2.899341551
MLMG: Iteration   2 Fine resid/bnorm = 0.1181615945
MLMG: Iteration   3 Fine resid/bnorm = 0.01010742443
MLMG: Iteration   4 Fine resid/bnorm = 0.0008841558497
MLMG: Iteration   5 Fine resid/bnorm = 7.92653064e-05
MLMG: Iteration   6 Fine resid/bnorm = 7.143154565e-06
MLMG: Iteration   7 Fine resid/bnorm = 6.455019169e-07
MLMG: Iteration   8 Fine resid/bnorm = 5.843477125e-08
MLMG: Iteration   9 Fine resid/bnorm = 5.297479407e-09
MLMG: Iteration  10 Fine resid/bnorm = 4.808717389e-10
MLMG: Iteration  11 Fine resid/bnorm = 4.371033191e-11
MLMG: Final Iter. 11 resid, resid/bnorm = 7.27223437e-09, 4.371033191e-11
MLMG: Timers: Solve = 0.102780453 Iter = 0.099400745 Bottom = 0.004157196
Level 0 max-norm error: 7.052455621e-05 1-norm error: 1.864748733e-05 2-norm error: 2.510159212e-05
Total GPU global memory (MB) spread across MPI: [40440 ... 40440]
Free  GPU global memory (MB) spread across MPI: [9672 ... 9672]
[The         Arena] max space (MB) allocated spread across MPI: [30330 ... 30330]
[The         Arena] max space (MB) used      spread across MPI: [1185 ... 1185]
[The Managed Arena] max space (MB) allocated spread across MPI: [8 ... 8]
[The Managed Arena] max space (MB) used      spread across MPI: [0 ... 0]
[The  Pinned Arena] max space (MB) allocated spread across MPI: [8 ... 8]
[The  Pinned Arena] max space (MB) used      spread across MPI: [0 ... 0]
[The   Comms Arena] max space (MB) allocated spread across MPI: [8 ... 8]
[The   Comms Arena] max space (MB) used      spread across MPI: [0 ... 0]
AMReX (26.10-27-gcf3d426f36a3) finalized
