Initializing AMReX (26.10-27-gcf3d426f36a3)...
MPI initialized with 1 MPI processes
MPI initialized with thread support level 0
Initializing CUDA...
CUDA initialized with 1 device.
AMReX (26.10-27-gcf3d426f36a3) initialized

Multigrid type: geometric
MLMG: # of AMR levels: 1
      # of MG levels on the coarsest AMR level: 8
MLMG: Initial rhs               = 24076.55429
MLMG: Initial residual (resid0) = 24076.55429
MLMG: Iteration   1 Fine resid/bnorm = 0.228840831
MLMG: Iteration   2 Fine resid/bnorm = 0.01497237264
MLMG: Iteration   3 Fine resid/bnorm = 0.001064726787
MLMG: Iteration   4 Fine resid/bnorm = 7.583421906e-05
MLMG: Iteration   5 Fine resid/bnorm = 5.416868366e-06
MLMG: Iteration   6 Fine resid/bnorm = 3.885218336e-07
MLMG: Iteration   7 Fine resid/bnorm = 2.884916946e-08
MLMG: Iteration   8 Fine resid/bnorm = 2.143705385e-09
MLMG: Iteration   9 Fine resid/bnorm = 1.613273384e-10
MLMG: Iteration  10 Fine resid/bnorm = 1.240352168e-11
MLMG: Final Iter. 10 resid, resid/bnorm = 2.986340633e-07, 1.240352168e-11
MLMG: Timers: Solve = 0.160667198 Iter = 0.153354458 Bottom = 0.004349801
Level 0 max-norm error: 0.0001013181898 1-norm error: 2.133965885e-05 2-norm error: 2.72018018e-05
Total GPU global memory (MB) spread across MPI: [40440 ... 40440]
Free  GPU global memory (MB) spread across MPI: [9672 ... 9672]
[The         Arena] max space (MB) allocated spread across MPI: [30330 ... 30330]
[The         Arena] max space (MB) used      spread across MPI: [2098 ... 2098]
[The Managed Arena] max space (MB) allocated spread across MPI: [8 ... 8]
[The Managed Arena] max space (MB) used      spread across MPI: [0 ... 0]
[The  Pinned Arena] max space (MB) allocated spread across MPI: [8 ... 8]
[The  Pinned Arena] max space (MB) used      spread across MPI: [1 ... 1]
[The   Comms Arena] max space (MB) allocated spread across MPI: [8 ... 8]
[The   Comms Arena] max space (MB) used      spread across MPI: [0 ... 0]
AMReX (26.10-27-gcf3d426f36a3) finalized
