Initializing AMReX (26.10-27-gcf3d426f36a3)...
MPI initialized with 1 MPI processes
MPI initialized with thread support level 0
Initializing CUDA...
CUDA initialized with 1 device.
AMReX (26.10-27-gcf3d426f36a3) initialized
MLMG: # of AMR levels: 2
      # of MG levels on the coarsest AMR level: 8
MLMG: Initial rhs               = 236.6921747
MLMG: Initial residual (resid0) = 170567.8198
MLMG: Iteration   1 Fine resid/resid0 = 8.118145981e-05
MLMG: Iteration   2 Fine resid/resid0 = 2.707741308e-06
MLMG: Iteration   3 Fine resid/resid0 = 1.505190283e-07
MLMG: Iteration   4 Fine resid/resid0 = 1.768257028e-08
MLMG: Iteration   5 Fine resid/resid0 = 2.428716933e-09
MLMG: Iteration   6 Fine resid/resid0 = 3.502223584e-10
MLMG: Iteration   7 Fine resid/resid0 = 5.136141303e-11
MLMG: Iteration   8 Fine resid/resid0 = 7.602834965e-12
MLMG: Iteration   8 Crse resid/resid0 = 5.863469667e-11
MLMG: Iteration   9 Fine resid/resid0 = 1.125557736e-12
MLMG: Iteration   9 Crse resid/resid0 = 8.65957686e-12
MLMG: Final Iter. 9 resid, resid/resid0 = 1.477045146e-06, 8.65957686e-12
MLMG: Timers: Solve = 0.841464322 Iter = 0.755437359 Bottom = 0.002039448
Level 0
    max-norm: 0.0002525034431
    1-norm  : 4.672380296e-05
Level 1
    max-norm: 0.0002525034431
    1-norm  : 4.000191553e-06
Total GPU global memory (MB) spread across MPI: [40440 ... 40440]
Free  GPU global memory (MB) spread across MPI: [9672 ... 9672]
[The         Arena] max space (MB) allocated spread across MPI: [30330 ... 30330]
[The         Arena] max space (MB) used      spread across MPI: [9132 ... 9132]
[The Managed Arena] max space (MB) allocated spread across MPI: [8 ... 8]
[The Managed Arena] max space (MB) used      spread across MPI: [0 ... 0]
[The  Pinned Arena] max space (MB) allocated spread across MPI: [8 ... 8]
[The  Pinned Arena] max space (MB) used      spread across MPI: [3 ... 3]
[The   Comms Arena] max space (MB) allocated spread across MPI: [8 ... 8]
[The   Comms Arena] max space (MB) used      spread across MPI: [0 ... 0]
AMReX (26.10-27-gcf3d426f36a3) finalized
