Initializing AMReX (26.10-27-gcf3d426f36a3)...
MPI initialized with 1 MPI processes
MPI initialized with thread support level 0
Initializing CUDA...
CUDA initialized with 1 device.
AMReX (26.10-27-gcf3d426f36a3) initialized

Multigrid type: geometric
MLMG: # of AMR levels: 2
      # of MG levels on the coarsest AMR level: 6
MLMG: Initial rhs               = 2363.358424
MLMG: Initial residual (resid0) = 1639182.86
MLMG: Iteration   1 Fine resid/resid0 = 0.02104669426
MLMG: Iteration   2 Fine resid/resid0 = 0.006256245269
MLMG: Iteration   3 Fine resid/resid0 = 0.001839501622
MLMG: Iteration   4 Fine resid/resid0 = 0.0005411845037
MLMG: Iteration   5 Fine resid/resid0 = 0.0001604257774
MLMG: Iteration   6 Fine resid/resid0 = 4.814915822e-05
MLMG: Iteration   7 Fine resid/resid0 = 1.466688575e-05
MLMG: Iteration   8 Fine resid/resid0 = 4.540602597e-06
MLMG: Iteration   9 Fine resid/resid0 = 1.429656038e-06
MLMG: Iteration  10 Fine resid/resid0 = 4.579242091e-07
MLMG: Iteration  11 Fine resid/resid0 = 1.491782969e-07
MLMG: Iteration  12 Fine resid/resid0 = 4.967329033e-08
MLMG: Iteration  13 Fine resid/resid0 = 1.684151981e-08
MLMG: Iteration  14 Fine resid/resid0 = 5.835509368e-09
MLMG: Iteration  15 Fine resid/resid0 = 2.355069991e-09
MLMG: Iteration  16 Fine resid/resid0 = 9.355757614e-10
MLMG: Iteration  17 Fine resid/resid0 = 3.65057638e-10
MLMG: Iteration  18 Fine resid/resid0 = 1.406362e-10
MLMG: Iteration  19 Fine resid/resid0 = 5.367451854e-11
MLMG: Iteration  20 Fine resid/resid0 = 2.034201104e-11
MLMG: Iteration  21 Fine resid/resid0 = 7.668313565e-12
MLMG: Iteration  21 Crse resid/resid0 = 5.086444361e-13
MLMG: Final Iter. 21 resid, resid/resid0 = 1.256976816e-05, 7.668313565e-12
MLMG: Timers: Solve = 0.195706563 Iter = 0.179941656 Bottom = 0.022539653
 level 0 max change in overset cells: 0
 level 1 max change in overset cells: 0
 level 0 max-norm error: 0.000253432302 1-norm error: 4.137684192e-05
 level 1 max-norm error: 0.0001505347194 1-norm error: 2.289062229e-06
Total GPU global memory (MB) spread across MPI: [40440 ... 40440]
Free  GPU global memory (MB) spread across MPI: [9600 ... 9600]
[The         Arena] max space (MB) allocated spread across MPI: [30330 ... 30330]
[The         Arena] max space (MB) used      spread across MPI: [618 ... 618]
[The Managed Arena] max space (MB) allocated spread across MPI: [8 ... 8]
[The Managed Arena] max space (MB) used      spread across MPI: [0 ... 0]
[The  Pinned Arena] max space (MB) allocated spread across MPI: [8 ... 8]
[The  Pinned Arena] max space (MB) used      spread across MPI: [0 ... 0]
[The   Comms Arena] max space (MB) allocated spread across MPI: [8 ... 8]
[The   Comms Arena] max space (MB) used      spread across MPI: [0 ... 0]
AMReX (26.10-27-gcf3d426f36a3) finalized
