Initializing AMReX (26.10-24-gea4f69651aa6)...
MPI initialized with 1 MPI processes
MPI initialized with thread support level 0
Initializing HIP...
HIP initialized with 1 device.
AMReX (26.10-24-gea4f69651aa6) initialized

Multigrid type: geometric
MLMG: # of AMR levels: 2
      # of MG levels on the coarsest AMR level: 8
MLMG: Initial rhs               = 2367.365883
MLMG: Initial residual (resid0) = 3278373.796
MLMG: Iteration   1 Fine resid/resid0 = 0.0002600555575
MLMG: Iteration   2 Fine resid/resid0 = 6.748414586e-06
MLMG: Iteration   3 Fine resid/resid0 = 3.816503176e-07
MLMG: Iteration   4 Fine resid/resid0 = 2.892248893e-08
MLMG: Iteration   5 Fine resid/resid0 = 2.527962757e-09
MLMG: Iteration   6 Fine resid/resid0 = 2.225543233e-10
MLMG: Iteration   7 Fine resid/resid0 = 2.015094783e-11
MLMG: Iteration   7 Crse resid/resid0 = 1.000304112e-08
MLMG: Iteration   8 Fine resid/resid0 = 1.804645559e-12
MLMG: Iteration   8 Crse resid/resid0 = 8.847131639e-10
MLMG: Iteration   9 Fine resid/resid0 = 1.607833739e-13
MLMG: Iteration   9 Crse resid/resid0 = 7.854551683e-11
MLMG: Final Iter. 9 resid, resid/resid0 = 0.0002575015642, 7.854551683e-11
MLMG: Timers: Solve = 0.466979278 Iter = 0.448619864 Bottom = 0.014792551
Level 0 max-norm error: 0.0001705187466 1-norm error: 4.436345539e-05 2-norm error: 5.30024071e-05
Level 1 max-norm error: 7.947827846e-05 1-norm error: 5.069050062e-06 2-norm error: 1.542204249e-05
Total GPU global memory (MB) spread across MPI: [65520 ... 65520]
Free  GPU global memory (MB) spread across MPI: [16102 ... 16102]
[The         Arena] max space (MB) allocated spread across MPI: [49140 ... 49140]
[The         Arena] max space (MB) used      spread across MPI: [4548 ... 4548]
[The Managed Arena] max space (MB) allocated spread across MPI: [8 ... 8]
[The Managed Arena] max space (MB) used      spread across MPI: [0 ... 0]
[The  Pinned Arena] max space (MB) allocated spread across MPI: [8 ... 8]
[The  Pinned Arena] max space (MB) used      spread across MPI: [1 ... 1]
[The   Comms Arena] max space (MB) allocated spread across MPI: [8 ... 8]
[The   Comms Arena] max space (MB) used      spread across MPI: [0 ... 0]
AMReX (26.10-24-gea4f69651aa6) finalized
