Initializing AMReX (26.10-24-gea4f69651aa6)...
MPI initialized with 1 MPI processes
MPI initialized with thread support level 0
Initializing HIP...
HIP initialized with 1 device.
AMReX (26.10-24-gea4f69651aa6) initialized
MLMG: # of AMR levels: 2
      # of MG levels on the coarsest AMR level: 11
MLMG: Initial rhs               = 157.9136704
MLMG: Initial residual (resid0) = 8738159.649
MLMG: Iteration   1 Fine resid/resid0 = 9.530226553e-07
MLMG: Iteration   2 Fine resid/resid0 = 5.742169063e-08
MLMG: Iteration   3 Fine resid/resid0 = 2.112431898e-09
MLMG: Iteration   4 Fine resid/resid0 = 7.36703405e-11
MLMG: Iteration   5 Fine resid/resid0 = 5.500009925e-12
MLMG: Iteration   5 Crse resid/resid0 = 1.553985224e-10
MLMG: Iteration   6 Fine resid/resid0 = 4.463609908e-13
MLMG: Iteration   6 Crse resid/resid0 = 2.983515591e-12
MLMG: Final Iter. 6 resid, resid/resid0 = 2.607043555e-05, 2.983515591e-12
MLMG: Timers: Solve = 0.104343439 Iter = 0.091958775 Bottom = 0.002202451
Level 0
    max-norm: 2.358107922e-06
    1-norm  : 6.492854006e-07
Level 1
    max-norm: 2.358107922e-06
    1-norm  : 1.153077234e-07
Total GPU global memory (MB) spread across MPI: [65520 ... 65520]
Free  GPU global memory (MB) spread across MPI: [16108 ... 16108]
[The         Arena] max space (MB) allocated spread across MPI: [49140 ... 49140]
[The         Arena] max space (MB) used      spread across MPI: [933 ... 933]
[The Managed Arena] max space (MB) allocated spread across MPI: [8 ... 8]
[The Managed Arena] max space (MB) used      spread across MPI: [0 ... 0]
[The  Pinned Arena] max space (MB) allocated spread across MPI: [8 ... 8]
[The  Pinned Arena] max space (MB) used      spread across MPI: [1 ... 1]
[The   Comms Arena] max space (MB) allocated spread across MPI: [8 ... 8]
[The   Comms Arena] max space (MB) used      spread across MPI: [0 ... 0]
AMReX (26.10-24-gea4f69651aa6) finalized
