Initializing AMReX (26.10-24-gea4f69651aa6)...
MPI initialized with 1 MPI processes
MPI initialized with thread support level 0
Initializing HIP...
HIP initialized with 1 device.
AMReX (26.10-24-gea4f69651aa6) initialized

Multigrid type: geometric
MLMG: # of AMR levels: 1
      # of MG levels on the coarsest AMR level: 8
MLMG: Initial rhs               = 172.7852875
MLMG: Initial residual (resid0) = 179404.4966
MLMG: Iteration   1 Fine resid/resid0 = 0.02060622117
MLMG: Iteration   2 Fine resid/resid0 = 0.00169307786
MLMG: Iteration   3 Fine resid/resid0 = 0.0001423593738
MLMG: Iteration   4 Fine resid/resid0 = 1.230252305e-05
MLMG: Iteration   5 Fine resid/resid0 = 1.089077024e-06
MLMG: Iteration   6 Fine resid/resid0 = 9.843686146e-08
MLMG: Iteration   7 Fine resid/resid0 = 9.052659378e-09
MLMG: Iteration   8 Fine resid/resid0 = 8.442893124e-10
MLMG: Iteration   9 Fine resid/resid0 = 7.962711745e-11
MLMG: Iteration  10 Fine resid/resid0 = 7.576424246e-12
MLMG: Final Iter. 10 resid, resid/resid0 = 1.359244578e-06, 7.576424246e-12
MLMG: Timers: Solve = 0.311261602 Iter = 0.303179548 Bottom = 0.003151175
Level 0
    max-norm: 7.057926125e-05
    1-norm  : 1.235802362e-05
Total GPU global memory (MB) spread across MPI: [65520 ... 65520]
Free  GPU global memory (MB) spread across MPI: [16106 ... 16106]
[The         Arena] max space (MB) allocated spread across MPI: [49140 ... 49140]
[The         Arena] max space (MB) used      spread across MPI: [1555 ... 1555]
[The Managed Arena] max space (MB) allocated spread across MPI: [8 ... 8]
[The Managed Arena] max space (MB) used      spread across MPI: [0 ... 0]
[The  Pinned Arena] max space (MB) allocated spread across MPI: [8 ... 8]
[The  Pinned Arena] max space (MB) used      spread across MPI: [1 ... 1]
[The   Comms Arena] max space (MB) allocated spread across MPI: [8 ... 8]
[The   Comms Arena] max space (MB) used      spread across MPI: [0 ... 0]
AMReX (26.10-24-gea4f69651aa6) finalized
