Initializing AMReX (26.10-24-gea4f69651aa6)...
MPI initialized with 1 MPI processes
MPI initialized with thread support level 0
Initializing CUDA...
CUDA initialized with 1 device.
AMReX (26.10-24-gea4f69651aa6) initialized

Multigrid type: geometric
MLMG: # of AMR levels: 2
      # of MG levels on the coarsest AMR level: 8
MLMG: Initial rhs               = 166.3733505
MLMG: Initial residual (resid0) = 166.3733505
MLMG: Iteration   1 Fine resid/bnorm = 2.413265749
MLMG: Iteration   2 Fine resid/bnorm = 0.2487180006
MLMG: Iteration   3 Fine resid/bnorm = 0.05302068639
MLMG: Iteration   4 Fine resid/bnorm = 0.005295727316
MLMG: Iteration   5 Fine resid/bnorm = 0.001860446273
MLMG: Iteration   6 Fine resid/bnorm = 0.0003272688726
MLMG: Iteration   7 Fine resid/bnorm = 0.0001221524977
MLMG: Iteration   8 Fine resid/bnorm = 3.312541561e-05
MLMG: Iteration   9 Fine resid/bnorm = 1.349695116e-05
MLMG: Iteration  10 Fine resid/bnorm = 4.557931419e-06
MLMG: Iteration  11 Fine resid/bnorm = 1.688528164e-06
MLMG: Iteration  12 Fine resid/bnorm = 6.008101472e-07
MLMG: Iteration  13 Fine resid/bnorm = 2.180645699e-07
MLMG: Iteration  14 Fine resid/bnorm = 7.84771457e-08
MLMG: Iteration  15 Fine resid/bnorm = 2.835381987e-08
MLMG: Iteration  16 Fine resid/bnorm = 1.022525332e-08
MLMG: Iteration  17 Fine resid/bnorm = 3.689095793e-09
MLMG: Iteration  18 Fine resid/bnorm = 1.330544748e-09
MLMG: Iteration  19 Fine resid/bnorm = 4.813889241e-10
MLMG: Iteration  20 Fine resid/bnorm = 1.728524289e-10
MLMG: Iteration  21 Fine resid/bnorm = 6.225462417e-11
MLMG: Iteration  21 Crse resid/bnorm = 5.239031228e-09
MLMG: Iteration  22 Fine resid/bnorm = 2.328655808e-11
MLMG: Iteration  22 Crse resid/bnorm = 1.885177696e-09
MLMG: Iteration  23 Fine resid/bnorm = 8.853567712e-12
MLMG: Iteration  23 Crse resid/bnorm = 6.783825594e-10
MLMG: Iteration  24 Fine resid/bnorm = 4.091314674e-12
MLMG: Iteration  24 Crse resid/bnorm = 2.441241313e-10
MLMG: Iteration  25 Fine resid/bnorm = 2.763702323e-12
MLMG: Iteration  25 Crse resid/bnorm = 8.785437012e-11
MLMG: Final Iter. 25 resid, resid/bnorm = 1.461662591e-08, 8.785437012e-11
MLMG: Timers: Solve = 0.873418497 Iter = 0.860184328 Bottom = 0.005131287
Level 0 max-norm error: 7.844139631e-05 1-norm error: 2.081612737e-05 2-norm error: 2.856494681e-05
Level 1 max-norm error: 2.5861523e-05 1-norm error: 7.741927748e-07 2-norm error: 3.141611595e-06
Total GPU global memory (MB) spread across MPI: [40440 ... 40440]
Free  GPU global memory (MB) spread across MPI: [9672 ... 9672]
[The         Arena] max space (MB) allocated spread across MPI: [30330 ... 30330]
[The         Arena] max space (MB) used      spread across MPI: [2899 ... 2899]
[The Managed Arena] max space (MB) allocated spread across MPI: [8 ... 8]
[The Managed Arena] max space (MB) used      spread across MPI: [0 ... 0]
[The  Pinned Arena] max space (MB) allocated spread across MPI: [8 ... 8]
[The  Pinned Arena] max space (MB) used      spread across MPI: [1 ... 1]
[The   Comms Arena] max space (MB) allocated spread across MPI: [8 ... 8]
[The   Comms Arena] max space (MB) used      spread across MPI: [0 ... 0]
AMReX (26.10-24-gea4f69651aa6) finalized
