Initializing AMReX (26.10-24-gea4f69651aa6)...
MPI initialized with 1 MPI processes
MPI initialized with thread support level 0
Initializing CUDA...
CUDA initialized with 1 device.
AMReX (26.10-24-gea4f69651aa6) initialized

Multigrid type: geometric
MLMG: # of AMR levels: 2
      # of MG levels on the coarsest AMR level: 11
MLMG: Initial rhs               = 123.3700415
MLMG: Initial residual (resid0) = 123.3700415
MLMG: Iteration   1 Fine resid/bnorm = 0.05208267502
MLMG: Iteration   2 Fine resid/bnorm = 0.001193424701
MLMG: Iteration   3 Fine resid/bnorm = 3.197035907e-05
MLMG: Iteration   4 Fine resid/bnorm = 1.147192459e-06
MLMG: Iteration   5 Fine resid/bnorm = 7.524776054e-08
MLMG: Iteration   6 Fine resid/bnorm = 6.33967429e-09
MLMG: Iteration   7 Fine resid/bnorm = 7.338624816e-10
MLMG: Iteration   8 Fine resid/bnorm = 1.818523428e-10
MLMG: Iteration   9 Fine resid/bnorm = 1.256128783e-10
MLMG: Iteration  10 Fine resid/bnorm = 9.712413851e-11
MLMG: Iteration  10 Crse resid/bnorm = 5.325057028e-08
MLMG: Iteration  11 Fine resid/bnorm = 1.157835823e-10
MLMG: Iteration  12 Fine resid/bnorm = 1.025918082e-10
MLMG: Iteration  13 Fine resid/bnorm = 9.990998114e-11
MLMG: Iteration  13 Crse resid/bnorm = 7.087028584e-11
MLMG: Final Iter. 13 resid, resid/bnorm = 1.232589852e-08, 9.990998114e-11
MLMG: Timers: Solve = 0.138274107 Iter = 0.130557052 Bottom = 0.004997534
Level 0 max-norm error: 1.151842788e-06 1-norm error: 3.923999627e-07 2-norm error: 5.012762833e-07
Level 1 max-norm error: 4.432726631e-07 1-norm error: 2.869026866e-08 2-norm error: 8.329382063e-08
Total GPU global memory (MB) spread across MPI: [40440 ... 40440]
Free  GPU global memory (MB) spread across MPI: [9672 ... 9672]
[The         Arena] max space (MB) allocated spread across MPI: [30330 ... 30330]
[The         Arena] max space (MB) used      spread across MPI: [675 ... 675]
[The Managed Arena] max space (MB) allocated spread across MPI: [8 ... 8]
[The Managed Arena] max space (MB) used      spread across MPI: [0 ... 0]
[The  Pinned Arena] max space (MB) allocated spread across MPI: [8 ... 8]
[The  Pinned Arena] max space (MB) used      spread across MPI: [1 ... 1]
[The   Comms Arena] max space (MB) allocated spread across MPI: [8 ... 8]
[The   Comms Arena] max space (MB) used      spread across MPI: [0 ... 0]
AMReX (26.10-24-gea4f69651aa6) finalized
