Initializing AMReX (26.10-24-gea4f69651aa6)...
MPI initialized with 1 MPI processes
MPI initialized with thread support level 0
Initializing CUDA...
CUDA initialized with 1 device.
AMReX (26.10-24-gea4f69651aa6) initialized

Multigrid type: geometric
MLMG: # of AMR levels: 2
      # of MG levels on the coarsest AMR level: 8
MLMG: Initial rhs               = 166.3733505
MLMG: Initial residual (resid0) = 166.3733505
MLMG: Iteration   1 Fine resid/bnorm = 0.8041859423
MLMG: Iteration   2 Fine resid/bnorm = 0.02441608838
MLMG: Iteration   3 Fine resid/bnorm = 0.0009084100152
MLMG: Iteration   4 Fine resid/bnorm = 3.705410437e-05
MLMG: Iteration   5 Fine resid/bnorm = 1.73672295e-06
MLMG: Iteration   6 Fine resid/bnorm = 9.656148016e-08
MLMG: Iteration   7 Fine resid/bnorm = 6.193695386e-09
MLMG: Iteration   8 Fine resid/bnorm = 4.291862464e-10
MLMG: Iteration   9 Fine resid/bnorm = 3.245624838e-11
MLMG: Iteration   9 Crse resid/bnorm = 5.289304123e-09
MLMG: Iteration  10 Fine resid/bnorm = 4.279228665e-12
MLMG: Iteration  10 Crse resid/bnorm = 4.801282775e-10
MLMG: Iteration  11 Fine resid/bnorm = 2.255394976e-12
MLMG: Iteration  11 Crse resid/bnorm = 4.364023786e-11
MLMG: Final Iter. 11 resid, resid/bnorm = 7.260572588e-09, 4.364023786e-11
MLMG: Timers: Solve = 0.325283039 Iter = 0.310315763 Bottom = 0.004254966
Level 0 max-norm error: 7.844139628e-05 1-norm error: 2.081612735e-05 2-norm error: 2.856494678e-05
Level 1 max-norm error: 2.586152298e-05 1-norm error: 7.741927739e-07 2-norm error: 3.141611592e-06
Total GPU global memory (MB) spread across MPI: [40440 ... 40440]
Free  GPU global memory (MB) spread across MPI: [9672 ... 9672]
[The         Arena] max space (MB) allocated spread across MPI: [30330 ... 30330]
[The         Arena] max space (MB) used      spread across MPI: [2899 ... 2899]
[The Managed Arena] max space (MB) allocated spread across MPI: [8 ... 8]
[The Managed Arena] max space (MB) used      spread across MPI: [0 ... 0]
[The  Pinned Arena] max space (MB) allocated spread across MPI: [8 ... 8]
[The  Pinned Arena] max space (MB) used      spread across MPI: [1 ... 1]
[The   Comms Arena] max space (MB) allocated spread across MPI: [8 ... 8]
[The   Comms Arena] max space (MB) used      spread across MPI: [0 ... 0]
AMReX (26.10-24-gea4f69651aa6) finalized
