Initializing AMReX (26.10-24-gea4f69651aa6)...
MPI initialized with 1 MPI processes
MPI initialized with thread support level 0
Initializing CUDA...
CUDA initialized with 1 device.
AMReX (26.10-24-gea4f69651aa6) initialized
MLMG: # of AMR levels: 2
      # of MG levels on the coarsest AMR level: 8
MLMG: Initial rhs               = 236.6921747
MLMG: Initial residual (resid0) = 170567.8198
MLMG: Iteration   1 Fine resid/resid0 = 7.741446834e-05
MLMG: Iteration   2 Fine resid/resid0 = 6.140105472e-06
MLMG: Iteration   3 Fine resid/resid0 = 4.204611457e-07
MLMG: Iteration   4 Fine resid/resid0 = 3.829760891e-08
MLMG: Iteration   5 Fine resid/resid0 = 3.485727934e-09
MLMG: Iteration   6 Fine resid/resid0 = 3.038390619e-10
MLMG: Iteration   7 Fine resid/resid0 = 3.527913228e-11
MLMG: Iteration   8 Fine resid/resid0 = 5.861526779e-12
MLMG: Iteration   8 Crse resid/resid0 = 2.561108557e-09
MLMG: Iteration   9 Fine resid/resid0 = 1.059071715e-12
MLMG: Iteration   9 Crse resid/resid0 = 2.833980376e-10
MLMG: Iteration  10 Fine resid/resid0 = 2.010208038e-13
MLMG: Iteration  10 Crse resid/resid0 = 3.149485486e-11
MLMG: Iteration  11 Fine resid/resid0 = 3.956303532e-14
MLMG: Iteration  11 Crse resid/resid0 = 3.51339176e-12
MLMG: Final Iter. 11 resid, resid/resid0 = 5.992715728e-07, 3.51339176e-12
MLMG: Timers: Solve = 0.412258614 Iter = 0.391653963 Bottom = 0.002507481
Level 0
    max-norm: 0.000252504556
    1-norm  : 4.672400304e-05
Level 1
    max-norm: 0.000252504556
    1-norm  : 4.00016864e-06
Total GPU global memory (MB) spread across MPI: [40440 ... 40440]
Free  GPU global memory (MB) spread across MPI: [9672 ... 9672]
[The         Arena] max space (MB) allocated spread across MPI: [30330 ... 30330]
[The         Arena] max space (MB) used      spread across MPI: [3676 ... 3676]
[The Managed Arena] max space (MB) allocated spread across MPI: [8 ... 8]
[The Managed Arena] max space (MB) used      spread across MPI: [0 ... 0]
[The  Pinned Arena] max space (MB) allocated spread across MPI: [8 ... 8]
[The  Pinned Arena] max space (MB) used      spread across MPI: [2 ... 2]
[The   Comms Arena] max space (MB) allocated spread across MPI: [8 ... 8]
[The   Comms Arena] max space (MB) used      spread across MPI: [0 ... 0]
AMReX (26.10-24-gea4f69651aa6) finalized
