Initializing AMReX (26.10-24-gea4f69651aa6)...
MPI initialized with 1 MPI processes
MPI initialized with thread support level 0
Initializing CUDA...
CUDA initialized with 1 device.
AMReX (26.10-24-gea4f69651aa6) initialized
MLMG: # of AMR levels: 2
      # of MG levels on the coarsest AMR level: 11
MLMG: Initial rhs               = 157.9136704
MLMG: Initial residual (resid0) = 9320697.485
MLMG: Iteration   1 Fine resid/resid0 = 9.348579692e-07
MLMG: Iteration   2 Fine resid/resid0 = 5.527530717e-08
MLMG: Iteration   3 Fine resid/resid0 = 2.066631651e-09
MLMG: Iteration   4 Fine resid/resid0 = 7.005096505e-11
MLMG: Iteration   5 Fine resid/resid0 = 5.227762717e-12
MLMG: Iteration   5 Crse resid/resid0 = 1.47714881e-10
MLMG: Iteration   6 Fine resid/resid0 = 4.252150082e-13
MLMG: Iteration   6 Crse resid/resid0 = 2.816508787e-12
MLMG: Final Iter. 6 resid, resid/resid0 = 2.625182637e-05, 2.816508787e-12
MLMG: Timers: Solve = 0.084722915 Iter = 0.073848774 Bottom = 0.001508442
Level 0
    max-norm: 5.239373693e-06
    1-norm  : 8.873239912e-07
Level 1
    max-norm: 3.05026581e-06
    1-norm  : 1.844016127e-07
Total GPU global memory (MB) spread across MPI: [40440 ... 40440]
Free  GPU global memory (MB) spread across MPI: [9672 ... 9672]
[The         Arena] max space (MB) allocated spread across MPI: [30330 ... 30330]
[The         Arena] max space (MB) used      spread across MPI: [932 ... 932]
[The Managed Arena] max space (MB) allocated spread across MPI: [8 ... 8]
[The Managed Arena] max space (MB) used      spread across MPI: [0 ... 0]
[The  Pinned Arena] max space (MB) allocated spread across MPI: [8 ... 8]
[The  Pinned Arena] max space (MB) used      spread across MPI: [1 ... 1]
[The   Comms Arena] max space (MB) allocated spread across MPI: [8 ... 8]
[The   Comms Arena] max space (MB) used      spread across MPI: [0 ... 0]
AMReX (26.10-24-gea4f69651aa6) finalized
