Initializing AMReX (26.10-24-gea4f69651aa6)...
MPI initialized with 1 MPI processes
MPI initialized with thread support level 0
Initializing CUDA...
CUDA initialized with 1 device.
AMReX (26.10-24-gea4f69651aa6) initialized
MLMG: # of AMR levels: 2
      # of MG levels on the coarsest AMR level: 11
MLMG: Initial rhs               = 157.9136704
MLMG: Initial residual (resid0) = 8738159.649
MLMG: Iteration   1 Fine resid/resid0 = 9.530226561e-07
MLMG: Iteration   2 Fine resid/resid0 = 5.742168978e-08
MLMG: Iteration   3 Fine resid/resid0 = 2.112431898e-09
MLMG: Iteration   4 Fine resid/resid0 = 7.367012734e-11
MLMG: Iteration   5 Fine resid/resid0 = 5.500436249e-12
MLMG: Iteration   5 Crse resid/resid0 = 1.553985224e-10
MLMG: Iteration   6 Fine resid/resid0 = 4.459346665e-13
MLMG: Iteration   6 Crse resid/resid0 = 2.98351448e-12
MLMG: Final Iter. 6 resid, resid/resid0 = 2.607042585e-05, 2.98351448e-12
MLMG: Timers: Solve = 0.083154836 Iter = 0.072571228 Bottom = 0.001538169
Level 0
    max-norm: 2.358107838e-06
    1-norm  : 6.49285393e-07
Level 1
    max-norm: 2.358107838e-06
    1-norm  : 1.153077112e-07
Total GPU global memory (MB) spread across MPI: [40440 ... 40440]
Free  GPU global memory (MB) spread across MPI: [9672 ... 9672]
[The         Arena] max space (MB) allocated spread across MPI: [30330 ... 30330]
[The         Arena] max space (MB) used      spread across MPI: [932 ... 932]
[The Managed Arena] max space (MB) allocated spread across MPI: [8 ... 8]
[The Managed Arena] max space (MB) used      spread across MPI: [0 ... 0]
[The  Pinned Arena] max space (MB) allocated spread across MPI: [8 ... 8]
[The  Pinned Arena] max space (MB) used      spread across MPI: [1 ... 1]
[The   Comms Arena] max space (MB) allocated spread across MPI: [8 ... 8]
[The   Comms Arena] max space (MB) used      spread across MPI: [0 ... 0]
AMReX (26.10-24-gea4f69651aa6) finalized
