Initializing AMReX (26.10-24-gea4f69651aa6)...
MPI initialized with 1 MPI processes
MPI initialized with thread support level 0
Initializing CUDA...
CUDA initialized with 1 device.
AMReX (26.10-24-gea4f69651aa6) initialized
MLMG: # of AMR levels: 2
      # of MG levels on the coarsest AMR level: 8
MLMG: Initial rhs               = 236.6921747
MLMG: Initial residual (resid0) = 170567.8198
MLMG: Iteration   1 Fine resid/resid0 = 8.118145981e-05
MLMG: Iteration   2 Fine resid/resid0 = 2.707741308e-06
MLMG: Iteration   3 Fine resid/resid0 = 1.505190283e-07
MLMG: Iteration   4 Fine resid/resid0 = 1.76825707e-08
MLMG: Iteration   5 Fine resid/resid0 = 2.428716872e-09
MLMG: Iteration   6 Fine resid/resid0 = 3.502228632e-10
MLMG: Iteration   7 Fine resid/resid0 = 5.136129039e-11
MLMG: Iteration   8 Fine resid/resid0 = 7.602996763e-12
MLMG: Iteration   8 Crse resid/resid0 = 5.86345812e-11
MLMG: Iteration   9 Fine resid/resid0 = 1.125228975e-12
MLMG: Iteration   9 Crse resid/resid0 = 8.659480881e-12
MLMG: Final Iter. 9 resid, resid/resid0 = 1.477028775e-06, 8.659480881e-12
MLMG: Timers: Solve = 0.953536038 Iter = 0.867492681 Bottom = 0.002072466
Level 0
    max-norm: 0.0002525034431
    1-norm  : 4.672380296e-05
Level 1
    max-norm: 0.0002525034431
    1-norm  : 4.000191553e-06
Total GPU global memory (MB) spread across MPI: [40440 ... 40440]
Free  GPU global memory (MB) spread across MPI: [9672 ... 9672]
[The         Arena] max space (MB) allocated spread across MPI: [30330 ... 30330]
[The         Arena] max space (MB) used      spread across MPI: [9131 ... 9131]
[The Managed Arena] max space (MB) allocated spread across MPI: [8 ... 8]
[The Managed Arena] max space (MB) used      spread across MPI: [0 ... 0]
[The  Pinned Arena] max space (MB) allocated spread across MPI: [8 ... 8]
[The  Pinned Arena] max space (MB) used      spread across MPI: [3 ... 3]
[The   Comms Arena] max space (MB) allocated spread across MPI: [8 ... 8]
[The   Comms Arena] max space (MB) used      spread across MPI: [0 ... 0]
AMReX (26.10-24-gea4f69651aa6) finalized
